[1;33m   The Galactic Times                                        [0m15-Sep-1995[1;34m
___________________________________________________________________________

[37mTechnoids[0m has been once again chosen today's Solar Master, and has received a [1;36m353,670[0m coin bonus!

[1mTechnoids[0m is still the Region Master!

[1mTechnoids[0m invaded [1;34mbutthead[0m.

[1mTechnoids[0m invaded [1;34mbutthead[0m.

[1mTechnoids[0m invaded [1;34mbutthead[0m.

